<html>
<body>
<pre>
<h1>µVision Build Log</h1>
<h2>Tool Versions:</h2>
IDE-Version: ¦ÌVision V5.37.0.0
Copyright (C) 2022 ARM Ltd and ARM Germany GmbH. All rights reserved.
License Information: yeye 1985409, HP Inc., LIC=SDA0P-MSJ25-WFZI7-EXTHJ-ZHPE2-FJ8L6
 
Tool Versions:
Toolchain:       MDK-ARM Plus  Version: 5.37.0.0
Toolchain Path:  C:\Keil_v5\ARM\ARMCC\Bin
C Compiler:      Armcc.exe V5.06 update 7 (build 960)
Assembler:       Armasm.exe V5.06 update 7 (build 960)
Linker/Locator:  ArmLink.exe V5.06 update 7 (build 960)
Library Manager: ArmAr.exe V5.06 update 7 (build 960)
Hex Converter:   FromElf.exe V5.06 update 7 (build 960)
CPU DLL:         SARMCM3.DLL V5.37.0.0
Dialog DLL:      DCM.DLL V1.17.5.0
Target DLL:      STLink\ST-LINKIII-KEIL_SWO.dll V3.0.9.0
Dialog DLL:      TCM.DLL V1.56.1.0
 
<h2>Project:</h2>
E:\stm32folder\m2006xline\MDK-ARM\m2006xline.uvprojx
Project File Date:  05/15/2025

<h2>Output:</h2>
*** Using Compiler 'V5.06 update 7 (build 960)', folder: 'C:\Keil_v5\ARM\ARMCC\Bin'
Rebuild target 'm2006xline'
assembling startup_stm32f407xx.s...
compiling decode.c...
..\stp23l\decode.h(26): warning:  #1-D: last line of file ends without a newline
  #endif // !__
..\stp23l\decode.c(26): warning:  #1-D: last line of file ends without a newline
  }
..\stp23l\decode.c: 2 warnings, 0 errors
compiling Caculate.c...
..\dj\DJI.h(68): warning:  #1295-D: Deprecated declaration DJI_Init - give arg types
  void DJI_Init();
..\dj\DJI.h(72): warning:  #1-D: last line of file ends without a newline
  #endif
..\stp23l\decode.h(26): warning:  #1-D: last line of file ends without a newline
  #endif // !__
..\dj\Caculate.h(12): warning:  #1-D: last line of file ends without a newline
  #endif
..\dj\Caculate.c(63): warning:  #1-D: last line of file ends without a newline
  }
..\dj\Caculate.c: 5 warnings, 0 errors
compiling gpio.c...
compiling wtr_can.c...
..\dj\DJI.h(68): warning:  #1295-D: Deprecated declaration DJI_Init - give arg types
  void DJI_Init();
..\dj\DJI.h(72): warning:  #1-D: last line of file ends without a newline
  #endif
..\dj\wtr_can.c: 2 warnings, 0 errors
compiling can.c...
compiling stm32f4xx_it.c...
compiling stm32f4xx_hal_msp.c...
compiling usart.c...
compiling DJI.c...
..\dj\DJI.h(68): warning:  #1295-D: Deprecated declaration DJI_Init - give arg types
  void DJI_Init();
..\dj\DJI.h(72): warning:  #1-D: last line of file ends without a newline
  #endif
..\dj\DJI.c: 2 warnings, 0 errors
compiling main.c...
..\dj\DJI.h(68): warning:  #1295-D: Deprecated declaration DJI_Init - give arg types
  void DJI_Init();
..\dj\DJI.h(72): warning:  #1-D: last line of file ends without a newline
  #endif
..\stp23l\decode.h(26): warning:  #1-D: last line of file ends without a newline
  #endif // !__
..\dj\Caculate.h(12): warning:  #1-D: last line of file ends without a newline
  #endif
..\stp23l\usart_receive.h(13): warning:  #1-D: last line of file ends without a newline
  #endif // __USART_RECEIVE_H
../Core/Src/main.c: 5 warnings, 0 errors
compiling usart_receive.c...
..\stp23l\decode.h(26): warning:  #1-D: last line of file ends without a newline
  #endif // !__
..\stp23l\usart_receive.h(13): warning:  #1-D: last line of file ends without a newline
  #endif // __USART_RECEIVE_H
..\stp23l\usart_receive.c(47): warning:  #1-D: last line of file ends without a newline
  }
..\stp23l\usart_receive.c: 3 warnings, 0 errors
compiling stm32f4xx_hal_can.c...
compiling stm32f4xx_hal_rcc.c...
compiling stm32f4xx_hal_pwr_ex.c...
compiling stm32f4xx_hal_flash_ex.c...
compiling stm32f4xx_hal_tim.c...
compiling stm32f4xx_hal_flash_ramfunc.c...
compiling stm32f4xx_hal_flash.c...
compiling stm32f4xx_hal_gpio.c...
compiling stm32f4xx_hal.c...
compiling stm32f4xx_hal_cortex.c...
compiling stm32f4xx_hal_dma.c...
compiling stm32f4xx_hal_pwr.c...
compiling stm32f4xx_hal_exti.c...
compiling stm32f4xx_hal_rcc_ex.c...
compiling stm32f4xx_hal_dma_ex.c...
compiling system_stm32f4xx.c...
compiling stm32f4xx_hal_tim_ex.c...
compiling stm32f4xx_hal_uart.c...
linking...
Program Size: Code=8148 RO-data=448 RW-data=36 ZI-data=3132  
FromELF: creating hex file...
"m2006xline\m2006xline.axf" - 0 Error(s), 19 Warning(s).

<h2>Software Packages used:</h2>

Package Vendor: ARM
                http://www.keil.com/pack/ARM.CMSIS.5.9.0.pack
                ARM.CMSIS.5.9.0
                CMSIS (Common Microcontroller Software Interface Standard)
   * Component: CORE Version: 5.6.0

Package Vendor: Keil
                https://www.keil.com/pack/Keil.STM32F4xx_DFP.3.0.0.pack
                Keil.STM32F4xx_DFP.3.0.0
                STMicroelectronics STM32F4 Series Device Support

<h2>Collection of Component include folders:</h2>
  ./RTE/_m2006xline
  C:/Users/19854/AppData/Local/Arm/Packs/ARM/CMSIS/5.9.0/CMSIS/Core/Include

<h2>Collection of Component Files used:</h2>

   * Component: ARM::CMSIS:CORE:5.6.0
      Include file:  CMSIS/Core/Include/tz_context.h
Build Time Elapsed:  00:00:11
</pre>
</body>
</html>
